Component: ARM Compiler 5.06 update 6 (build 750) Tool: armlink [4d35ed]

==============================================================================

Section Cross References

    connect4.o(RESET) refers to connect4.o(globals) for BOARD


==============================================================================

Image Symbol Table

    Local Symbols

    Symbol Name                              Value     Ov Type        Size  Object(Section)

    RESET                                    0x00000000   Section     2060  connect4.o(RESET)
    connect4.s                               0x00000000   Number         0  connect4.o ABSOLUTE
    str_go                                   0x000006d8   Data           0  connect4.o(RESET)
    str_newl                                 0x000006f2   Data           0  connect4.o(RESET)
    str_turn                                 0x000006f5   Data           0  connect4.o(RESET)
    str_tryAgain                             0x00000719   Data           0  connect4.o(RESET)
    str_win                                  0x0000073f   Data           0  connect4.o(RESET)
    str_help                                 0x00000764   Data           0  connect4.o(RESET)
    str_draw                                 0x00000770   Data           0  connect4.o(RESET)
    str_game                                 0x0000078c   Data           0  connect4.o(RESET)
    globals                                  0x40000000   Section       42  connect4.o(globals)
    BOARD                                    0x40000000   Data           7  connect4.o(globals)

    Global Symbols

    Symbol Name                              Value     Ov Type        Size  Object(Section)

    BuildAttributes$$THM_ISAv1$ARM_ISAv4$S$PE$A:L22$X:L11$S22$IEEE1$IW$USESV6$~STKCKD$USESV7$~SHL$OSPACE$EBA8$STANDARDLIB$EABIv2 0x00000000   Number         0  anon$$obj.o ABSOLUTE



==============================================================================

Memory Map of the image

  Image Entry point : 0x00000000

  Load Region LR_IROM1 (Base: 0x00000000, Size: 0x00000838, Max: 0x00080000, ABSOLUTE)

    Execution Region ER_IROM1 (Exec base: 0x00000000, Load base: 0x00000000, Size: 0x0000080c, Max: 0x00080000, ABSOLUTE)

    Exec Addr    Load Addr    Size         Type   Attr      Idx    E Section Name        Object

    0x00000000   0x00000000   0x0000080c   Code   RO            2  * RESET               connect4.o


    Execution Region RW_IRAM1 (Exec base: 0x40000000, Load base: 0x0000080c, Size: 0x0000002c, Max: 0x00010000, ABSOLUTE, UNINIT)

    Exec Addr    Load Addr    Size         Type   Attr      Idx    E Section Name        Object

    0x40000000   0x0000080c   0x0000002a   Data   RW            1    globals             connect4.o


==============================================================================

Image component sizes


      Code (inc. data)   RO Data    RW Data    ZI Data      Debug   Object Name

      2060        308          0         42          0        724   connect4.o

    ----------------------------------------------------------------------
      2060        308          0         44          0        724   Object Totals
         0          0          0          0          0          0   (incl. Generated)
         0          0          0          2          0          0   (incl. Padding)

    ----------------------------------------------------------------------
         0          0          0          0          0          0   Library Totals
         0          0          0          0          0          0   (incl. Padding)

    ----------------------------------------------------------------------

==============================================================================


      Code (inc. data)   RO Data    RW Data    ZI Data      Debug   

      2060        308          0         44          0        724   Grand Totals
      2060        308          0         44          0        724   ELF Image Totals
      2060        308          0         44          0          0   ROM Totals

==============================================================================

    Total RO  Size (Code + RO Data)                 2060 (   2.01kB)
    Total RW  Size (RW Data + ZI Data)                44 (   0.04kB)
    Total ROM Size (Code + RO Data + RW Data)       2104 (   2.05kB)

==============================================================================

